app/page.tsx(58,24): error TS2741: Property 'onFinished' is missing in type '{}' but required in type '{ onFinished: () => void; }'.
